#-----------------------------------------------------------
# Vivado v2021.2 (64-bit)
# SW Build 3367213 on Tue Oct 19 02:48:09 MDT 2021
# IP Build 3369179 on Thu Oct 21 08:25:16 MDT 2021
# Start of session at: Tue Apr 26 15:42:52 2022
# Process ID: 20772
# Current directory: E:/FPGA/vivado_project/Handshakes/Handshakes_r/Handshakes_r.sim/sim_1/behav/xsim
# Command line: vivado.exe -gui_launcher_event rodinguilauncherevent40560 E:\FPGA\vivado_project\Handshakes\Handshakes_r\Handshakes_r.sim\sim_1\behav\xsim\top_module_behav.wdb
# Log file: E:/FPGA/vivado_project/Handshakes/Handshakes_r/Handshakes_r.sim/sim_1/behav/xsim/vivado.log
# Journal file: E:/FPGA/vivado_project/Handshakes/Handshakes_r/Handshakes_r.sim/sim_1/behav/xsim\vivado.jou
# Running On: SKY-20190703VPD, OS: Windows, CPU Frequency: 3192 MHz, CPU Physical cores: 6, Host memory: 34216 MB
#-----------------------------------------------------------
start_gui
open_wave_database {E:\FPGA\vivado_project\Handshakes\Handshakes_r\Handshakes_r.sim\sim_1\behav\xsim\top_module_behav.wdb}
open_wave_config E:/FPGA/vivado_project/Handshakes/Handshakes_r/Handshakes_r.sim/sim_1/behav/xsim/top_module_behav.wcfg
close_sim
